Failed to download https://kelee.one/Resource/Script/12306/12306_remove_splashscreen_ads.js
Failed to download https://kelee.one/Resource/Script/12306/12306_remove_ads.js
Failed to download https://kelee.one/Resource/Script/555DY/555DY_remove_ads.js
Failed to download https://kelee.one/Resource/Script/AliYunDrive/AliYunDrive_remove_ads.js
Failed to download https://kelee.one/Resource/Script/AliYunDrive/AliYunDrive_remove_ads.js
Failed to download https://kelee.one/Resource/Script/Amap/Amap_remove_ads.js
Failed to download https://kelee.one/Resource/Script/Amap/Amap_remove_ads.js
Failed to download https://kelee.one/Resource/Script/Amap/Amap_remove_ads.js
Failed to download https://kelee.one/Resource/Script/Amap/Amap_remove_ads.js
Failed to download https://kelee.one/Resource/Script/Amap/Amap_remove_ads.js
Failed to download https://kelee.one/Resource/Script/Amap/Amap_remove_ads.js
Failed to download https://kelee.one/Resource/Script/Amap/Amap_remove_ads.js
Failed to download https://kelee.one/Resource/Script/Amap/Amap_remove_ads.js
Failed to download https://kelee.one/Resource/Script/Amap/Amap_remove_ads.js
Failed to download https://kelee.one/Resource/Script/Amap/Amap_remove_ads.js
Failed to download https://kelee.one/Resource/Script/Amap/Amap_remove_ads.js
Failed to download https://kelee.one/Resource/Script/Amap/Amap_remove_ads.js
Failed to download https://kelee.one/Resource/Script/Amap/Amap_remove_ads.js
Failed to download https://kelee.one/Resource/Script/Amap/Amap_remove_ads.js
Failed to download https://kelee.one/Resource/Script/AutoHome/AutoHome_remove_ads.js
Failed to download https://kelee.one/Resource/Script/AutoHome/AutoHome_remove_ads.js
Failed to download https://kelee.one/Resource/Script/AutoHome/AutoHome_remove_ads.js
Failed to download https://kelee.one/Resource/Script/AutoHome/AutoHome_remove_ads.js
Failed to download https://kelee.one/Resource/Script/AutoHome/AutoHome_remove_ads.js
Failed to download https://kelee.one/Resource/Script/AutoHome/AutoHome_remove_ads.js
Failed to download https://kelee.one/Resource/Script/TestFlight/TF_keys.js
Failed to download https://kelee.one/Resource/Script/TestFlight/TF_keys.js
Failed to download https://kelee.one/Resource/Script/TestFlight/Auto_join_TF.js
Failed to download https://kelee.one/Resource/Script/BabyTree/BabyTree_remove_ads.js
Failed to download https://kelee.one/Resource/Script/BabyTree/BabyTree_remove_ads.js
Failed to download https://kelee.one/Resource/Script/BabyTree/BabyTree_remove_ads.js
Failed to download https://kelee.one/Resource/Script/BaiduSearch/BaiduSearchHomePage_remove_ads.js
Failed to download https://kelee.one/Resource/Script/Baidu_input_method/Baidu_input_method_remove_ads.js
Failed to download https://kelee.one/Resource/Script/BiliComic/BiliComic_remove_ads.js
Failed to download https://kelee.one/Resource/Script/BiliComic/BiliComic_remove_ads.js
Failed to download https://kelee.one/Resource/Script/Bilibili/Bilibili_proto_kokoryh.js
Failed to download https://kelee.one/Resource/Script/Bilibili/Bilibili_proto_kokoryh.js
Failed to download https://kelee.one/Resource/Script/Bilibili/Bilibili_proto_kokoryh.js
Failed to download https://kelee.one/Resource/Script/Bilibili/Bilibili_proto_kokoryh.js
Failed to download https://kelee.one/Resource/Script/Bilibili/Bilibili_proto_kokoryh.js
Failed to download https://kelee.one/Resource/Script/Bilibili/Bilibili_proto_kokoryh.js
Failed to download https://kelee.one/Resource/Script/Bilibili/Bilibili_proto_kokoryh.js
Failed to download https://kelee.one/Resource/Script/Bilibili/Bilibili_proto_kokoryh.js
Failed to download https://kelee.one/Resource/Script/Bilibili/Bilibili_proto_kokoryh.js
Failed to download https://kelee.one/Resource/Script/Bilibili/Bilibili_proto_kokoryh.js
Failed to download https://kelee.one/Resource/Script/Bilibili/Bilibili_remove_ads.js
Failed to download https://kelee.one/Resource/Script/Bilibili/Bilibili_remove_ads.js
Failed to download https://kelee.one/Resource/Script/Bilibili/Bilibili_remove_ads.js
Failed to download https://kelee.one/Resource/Script/Bilibili/Bilibili_remove_ads.js
Failed to download https://kelee.one/Resource/Script/Bilibili/Bilibili_remove_ads.js
Failed to download https://kelee.one/Resource/Script/Bilibili/Bilibili_remove_ads.js
Failed to download https://kelee.one/Resource/Script/Bilibili/Bilibili_remove_ads.js
Failed to download https://kelee.one/Resource/Script/BooHee/BooHee_remove_ads.js
Failed to download https://kelee.one/Resource/Script/Cainiao/Cainiao_remove_ads.js
Failed to download https://kelee.one/Resource/Script/Cainiao/Cainiao_remove_ads.js
Failed to download https://kelee.one/Resource/Script/Cainiao/Cainiao_remove_ads.js
Failed to download https://kelee.one/Resource/Script/Cainiao/Cainiao_remove_ads.js
Failed to download https://kelee.one/Resource/Script/Cainiao/Cainiao_remove_ads.js
Failed to download https://kelee.one/Resource/Script/CaixinMedia/CaixinMedia_remove_ads.js
Failed to download https://kelee.one/Resource/Script/CaixinMedia/CaixinMedia_remove_ads.js
Failed to download https://kelee.one/Resource/Script/CaixinMedia/CaixinMedia_remove_ads.js
Failed to download https://kelee.one/Resource/Script/CaixinMedia/CaixinMedia_remove_ads.js
Failed to download https://kelee.one/Resource/Script/CaixinMedia/CaixinMedia_remove_ads.js
Failed to download https://kelee.one/Resource/Script/CaixinMedia/CaixinMedia_remove_ads.js
Failed to download https://kelee.one/Resource/Script/CatEarFM/CatEarFM_remove_ads.js
Failed to download https://kelee.one/Resource/Script/CatEarFM/CatEarFM_remove_ads.js
Failed to download https://kelee.one/Resource/Script/ColorfulClouds/ColorfulClouds_remove_ads.js
Failed to download https://kelee.one/Resource/Script/CoolApk/CoolApk_remove_ads.js
Failed to download https://kelee.one/Resource/Script/CoolApk/CoolApk_remove_ads.js
Failed to download https://kelee.one/Resource/Script/CoolApk/CoolApk_remove_ads.js
Failed to download https://kelee.one/Resource/Script/DiDi/DiDi_remove_ads.js
Failed to download https://kelee.one/Resource/Script/DiDi/DiDi_remove_ads.js
Failed to download https://kelee.one/Resource/Script/DiDi/DiDi_remove_ads.js
Failed to download https://kelee.one/Resource/Script/DiDi/DiDi_remove_ads.js
Failed to download https://kelee.one/Resource/Script/DiDi/DiDi_remove_ads.js
Failed to download https://kelee.one/Resource/Script/Douyu/Douyu_remove_ads.js
Failed to download https://kelee.one/Resource/Script/DubbingShow/DubbingShow_remove_ads.js
Failed to download https://kelee.one/Resource/Script/Fileball/Fileball_mount.js
Failed to download https://kelee.one/Resource/Script/FleaMarket/FleaMarket_remove_ads.js
Failed to download https://kelee.one/Resource/Script/FleaMarket/FleaMarket_remove_ads.js
Failed to download https://kelee.one/Resource/Script/FleaMarket/FleaMarket_remove_ads.js
Failed to download https://kelee.one/Resource/Script/FleaMarket/FleaMarket_remove_ads.js
Failed to download https://kelee.one/Resource/Script/FlyerTea/FlyerTea_remove_ads.js
Failed to download https://kelee.one/Resource/Script/FlyerTea/FlyerTea_remove_ads.js
Failed to download https://kelee.one/Resource/Script/FollowRSS/FollowRSS_checkin.js
Failed to download https://kelee.one/Resource/Script/HUPU/HUPU_remove_ads.js
Failed to download https://kelee.one/Resource/Script/HUPU/HUPU_remove_ads.js
Failed to download https://kelee.one/Resource/Script/HUPU/HUPU_remove_ads.js
Failed to download https://kelee.one/Resource/Script/HUPU/HUPU_remove_ads.js
Failed to download https://kelee.one/Resource/Script/IThome/IThome_remove_ads.js
Failed to download https://kelee.one/Resource/Script/JD/JD_Price.js
Failed to download https://kelee.one/Resource/Script/JD/JD_remove_ads.js
Failed to download https://kelee.one/Resource/Script/Keep/Keep_remove_ads.js
Failed to download https://kelee.one/Resource/Script/KuGou/KuGou_remove_ads.js
Failed to download https://kelee.one/Resource/Script/KuaiKanComic/KuaiKanComic_remove_ads.js
Failed to download https://kelee.one/Resource/Script/KuaiKanComic/KuaiKanComic_remove_ads.js
Failed to download https://kelee.one/Resource/Script/KuaiKanComic/KuaiKanComic_remove_ads.js
Failed to download https://kelee.one/Resource/Script/KuaiKanComic/KuaiKanComic_remove_ads.js
Failed to download https://kelee.one/Resource/Script/Kuwo/Kuwo_remove_ads.js
Failed to download https://kelee.one/Resource/Script/MKZ/MKZ_remove_ads.js
Failed to download https://kelee.one/Resource/Script/MaiMai/MaiMai_remove_ads.js
Failed to download https://kelee.one/Resource/Script/Mango_TV/Mango_TV_remove_ads.js
Failed to download https://kelee.one/Resource/Script/Mango_TV/Mango_TV_remove_ads.js
Failed to download https://kelee.one/Resource/Script/Mango_TV/Mango_TV_remove_ads.js
Failed to download https://kelee.one/Resource/Script/Mango_TV/Mango_TV_remove_ads.js
Failed to download https://kelee.one/Resource/Script/Mango_TV/Mango_TV_remove_ads.js
Failed to download https://kelee.one/Resource/Script/Mango_TV/Mango_TV_remove_ads.js
Failed to download https://kelee.one/Resource/Script/Mango_TV/Mango_TV_remove_ads.js
Failed to download https://kelee.one/Resource/Script/MeituMYXJ/MeituMYXJ_remove_ads.js
Failed to download https://kelee.one/Resource/Script/NeteaseCloudMusic/NeteaseCloudMusic_remove_ads.js
Failed to download https://kelee.one/Resource/Script/NeteaseCloudMusic/NeteaseCloudMusic_remove_ads.js
Failed to download https://kelee.one/Resource/Script/NeteaseCloudMusic/NeteaseCloudMusic_remove_ads.js
Failed to download https://kelee.one/Resource/Script/NeteaseCloudMusic/NeteaseCloudMusic_remove_ads.js
Failed to download https://kelee.one/Resource/Script/NeteaseCloudMusic/NeteaseCloudMusic_remove_ads.js
Failed to download https://kelee.one/Resource/Script/NeteaseCloudMusic/NeteaseCloudMusic_remove_ads.js
Failed to download https://kelee.one/Resource/Script/NeteaseNews/NeteaseNews_remove_ads.js
Failed to download https://kelee.one/Resource/Script/NeteaseNews/NeteaseNews_remove_ads.js
Failed to download https://kelee.one/Resource/Script/NeteaseNews/NeteaseNews_remove_ads.js
Failed to download https://kelee.one/Resource/Script/NodeLinkCheck/NodeLinkCheck.js
Failed to download https://kelee.one/Resource/Script/Node_detection_tool/NetworkEntryAndExitQueries.js
Failed to download https://kelee.one/Resource/Script/Node_detection_tool/LocationDetection.js
Failed to download https://kelee.one/Resource/Script/Node_detection_tool/NodeUnlockDetection.js
Failed to download https://kelee.one/Resource/Script/PICC_Insurance/PICC_Insurance_remove_ads.js
Failed to download https://kelee.one/Resource/Script/PICC_Insurance/PICC_Insurance_remove_ads.js
Failed to download https://kelee.one/Resource/Script/PiPiXia/PiPiXia_remove_ads.js
Failed to download https://kelee.one/Resource/Script/PiPiXia/PiPiXia_remove_ads.js
Failed to download https://kelee.one/Resource/Script/PinDuoDuo/PinDuoDuo_remove_ads.js
Failed to download https://kelee.one/Resource/Script/PuPuMall/PuPuMall_remove_ads.js
Failed to download https://kelee.one/Resource/Script/PuPuMall/PuPuMall_remove_ads.js
Failed to download https://kelee.one/Resource/Script/PuPuMall/PuPuMall_remove_ads.js
Failed to download https://kelee.one/Resource/Script/PuPuMall/PuPuMall_remove_ads.js
Failed to download https://kelee.one/Resource/Script/PuPuMall/PuPuMall_remove_ads.js
Failed to download https://kelee.one/Resource/Script/PuPuMall/PuPuMall_remove_ads.js
Failed to download https://kelee.one/Resource/Script/QiDian/QiDian_remove_ads.js
Failed to download https://kelee.one/Resource/Script/QuarkBrowser/QuarkBrowser_remove_ads.js
Failed to download https://kelee.one/Resource/Script/RedPaper/RedPaper_remove_ads.js
Failed to download https://kelee.one/Resource/Script/RedPaper/RedPaper_remove_ads.js
Failed to download https://kelee.one/Resource/Script/RedPaper/RedPaper_remove_ads.js
Failed to download https://kelee.one/Resource/Script/RedPaper/RedPaper_remove_ads.js
Failed to download https://kelee.one/Resource/Script/RedPaper/RedPaper_remove_ads.js
Failed to download https://kelee.one/Resource/Script/RedPaper/RedPaper_remove_ads.js
Failed to download https://kelee.one/Resource/Script/RedPaper/RedPaper_remove_ads.js
Failed to download https://kelee.one/Resource/Script/RedPaper/RedPaper_remove_ads.js
Failed to download https://kelee.one/Resource/Script/RedPaper/RedPaper_remove_ads.js
Failed to download https://kelee.one/Resource/Script/RedPaper/RedPaper_remove_ads.js
Failed to download https://kelee.one/Resource/Script/RiskBird/RiskBird_remove_ads.js
Failed to download https://kelee.one/Resource/Script/ShuQiCenterReader/ShuQiCenterReader_remove_ads.js
Failed to download https://kelee.one/Resource/Script/Soul/Soul_remove_ads.js
Failed to download https://kelee.one/Resource/Script/Spotify/Spotify_response.js
Failed to download https://kelee.one/Resource/Script/Spotify/Spotify_request.js
Failed to download https://kelee.one/Resource/Script/Spotify/Spotify_request.js
Failed to download https://kelee.one/Resource/Script/Spotify/Translate_response.js
Failed to download https://kelee.one/Resource/Script/Spotify/Translate_response.js
Failed to download https://kelee.one/Resource/Script/Spotify/External_Lyrics_response.js
Failed to download https://kelee.one/Resource/Script/Spotify/External_Lyrics_response.js
Failed to download https://kelee.one/Resource/Script/Spotify/Spotify_remove_ads.js
Failed to download https://kelee.one/Resource/Script/Spotify/Spotify_proto.js
Failed to download https://kelee.one/Resource/Script/GitHub/Switch_github_mirror.js
Failed to download https://kelee.one/Resource/Script/TV_Assistant/TV_Assistant_remove_ads.js
Failed to download https://kelee.one/Resource/Script/Taobao/Taobao_remove_ads.js
Failed to download https://kelee.one/Resource/Script/Taobao/Taobao_remove_ads.js
Failed to download https://kelee.one/Resource/Script/CommonScript/replace-body.js
Failed to download https://kelee.one/Resource/Script/Tieba/Tieba_remove_ads.js
Failed to download https://kelee.one/Resource/Script/Tieba/Tieba_remove_ads.js
Failed to download https://kelee.one/Resource/Script/Tieba/Tieba_remove_ads.js
Failed to download https://kelee.one/Resource/Script/Tieba/Tieba_remove_ads.js
Failed to download https://kelee.one/Resource/Script/Tieba/tieba-json.js
Failed to download https://kelee.one/Resource/Script/Tieba/tieba-proto.js
Failed to download https://kelee.one/Resource/Script/TikTok/TikTok_redirect.js
Failed to download https://kelee.one/Resource/Script/Uki/Uki_remove_ads.js
Failed to download https://kelee.one/Resource/Script/Uki/Uki_remove_ads.js
Failed to download https://kelee.one/Resource/Script/Uki/Uki_remove_ads.js
Failed to download https://kelee.one/Resource/Script/Uki/Uki_remove_ads.js
Failed to download https://kelee.one/Resource/Script/Umetrip/Umetrip_remove_ads.js
Failed to download https://kelee.one/Resource/Script/UnionPay/UnionPay_remove_ads_with_ssl_unpinning.js
Failed to download https://kelee.one/Resource/Script/UnionPay/UnionPay_remove_ads_with_ssl_unpinning.js
Failed to download https://kelee.one/Resource/Script/UnionPay/UnionPay_remove_ads_with_ssl_unpinning.js
Failed to download https://kelee.one/Resource/Script/VVebo/VVebo_repair.js
Failed to download https://kelee.one/Resource/Script/VVebo/VVebo_repair.js
Failed to download https://kelee.one/Resource/Script/VVebo/VVebo_repair.js
Failed to download https://kelee.one/Resource/Script/VVebo/VVebo_repair.js
Failed to download https://kelee.one/Resource/Script/VVebo/VVebo_repair.js
Failed to download https://kelee.one/Resource/Script/WPS/WPS_checkin.js
Failed to download https://kelee.one/Resource/Script/WPS/WPS_checkin.js
Failed to download https://kelee.one/Resource/Script/Weibo_intl/Weibo_intl_remove_ads.js
Failed to download https://kelee.one/Resource/Script/Weibo_intl/Weibo_intl_remove_ads.js
Failed to download https://kelee.one/Resource/Script/Weibo_intl/Weibo_intl_remove_ads.js
Failed to download https://kelee.one/Resource/Script/Weibo/Weibo_remove_ads.js
Failed to download https://kelee.one/Resource/Script/Weibo/Weibo_remove_ads.js
Failed to download https://kelee.one/Resource/Script/Weibo/Weibo_remove_ads.js
Failed to download https://kelee.one/Resource/Script/Weibo/Weibo_remove_ads.js
Failed to download https://kelee.one/Resource/Script/Weibo/Weibo_remove_ads.js
Failed to download https://kelee.one/Resource/Script/Weibo/Weibo_remove_ads.js
Failed to download https://kelee.one/Resource/Script/Weibo/Weibo_remove_ads.js
Failed to download https://kelee.one/Resource/Script/Weibo/Weibo_remove_ads.js
Failed to download https://kelee.one/Resource/Script/Weibo/Weibo_remove_ads.js
Failed to download https://kelee.one/Resource/Script/Weibo/Weibo_remove_ads.js
Failed to download https://kelee.one/Resource/Script/Weibo/Weibo_remove_ads.js
Failed to download https://kelee.one/Resource/Script/Weibo/Weibo_remove_ads.js
Failed to download https://kelee.one/Resource/Script/Weibo/Weibo_remove_ads.js
Failed to download https://kelee.one/Resource/Script/Weibo/Weibo_remove_ads.js
Failed to download https://kelee.one/Resource/Script/Weibo/Weibo_remove_ads.js
Failed to download https://kelee.one/Resource/Script/Weibo/Weibo_remove_ads.js
Failed to download https://kelee.one/Resource/Script/Weibo/Weibo_remove_ads.js
Failed to download https://kelee.one/Resource/Script/Weibo/Weibo_remove_ads.js
Failed to download https://kelee.one/Resource/Script/Weibo/Weibo_remove_ads.js
Failed to download https://kelee.one/Resource/Script/Weixin/Weixin_external_links_unlock.js
Failed to download https://kelee.one/Resource/Script/WexinMiniPrograms/kff/kff.js
Failed to download https://kelee.one/Resource/Script/WexinMiniPrograms/ems/ems.js
Failed to download https://kelee.one/Resource/Script/WexinMiniPrograms/xiaotucc/xiaotucc.js
Failed to download https://kelee.one/Resource/Script/WexinMiniPrograms/FamilyMart/FamilyMart.js
Failed to download https://kelee.one/Resource/Script/WexinMiniPrograms/lawson/lawson.js
Failed to download https://kelee.one/Resource/Script/WexinMiniPrograms/chayanyuese/chayanyuese_remove_ads.js
Failed to download https://kelee.one/Resource/Script/WexinMiniPrograms/coco/coco.js
Failed to download https://kelee.one/Resource/Script/WexinMiniPrograms/qingju/qingju.js
Failed to download https://kelee.one/Resource/Script/WexinMiniPrograms/alittle-tea/alittle-tea.js
Failed to download https://kelee.one/Resource/Script/WexinMiniPrograms/M_Stand/M_Stand.js
Failed to download https://kelee.one/Resource/Script/WexinMiniPrograms/T3/T3.js
Failed to download https://kelee.one/Resource/Script/WexinMiniPrograms/ming/ming.js
Failed to download https://kelee.one/Resource/Script/XiaoHeiHe/XiaoHeiHe_remove_ads.js
Failed to download https://kelee.one/Resource/Script/XunLei/XunLei_remove_ads.js
Failed to download https://kelee.one/Resource/Script/YY_Voice/YY_Voice_remove_ads.js
Failed to download https://kelee.one/Resource/Script/YouKu_Video/YouKu_Video_remove_ads.js
Failed to download https://kelee.one/Resource/Script/YouKu_Video/YouKu_Video_remove_ads.js
Failed to download https://kelee.one/Resource/Script/YouKu_Video/YouKu_Video_remove_ads.js
Failed to download https://kelee.one/Resource/Script/YouKu_Video/YouKu_Video_remove_ads.js
Failed to download https://kelee.one/Resource/Script/YouKu_Video/YouKu_Video_remove_ads.js
Failed to download https://kelee.one/Resource/Script/YouKu_Video/YouKu_Video_remove_ads.js
Failed to download https://kelee.one/Resource/Script/YouTube/YouTube_Subtitles_Translate/YouTube_Subtitles_request.js
Failed to download https://kelee.one/Resource/Script/YouTube/YouTube_Subtitles_Translate/YouTube_Subtitles_response.js
Failed to download https://kelee.one/Resource/Script/YouTube/YouTube_Subtitles_Translate/YouTube_Subtitles_request.js
Failed to download https://kelee.one/Resource/Script/YouTube/YouTube_Subtitles_Translate/YouTube_Subtitles_response.js
Failed to download https://kelee.one/Resource/Script/YouTube/YouTube_Subtitles_Translate/YouTube_Subtitles_response.js
Failed to download https://kelee.one/Resource/Script/YouTube/YouTube_Subtitles_Translate/YouTube_Subtitles_request.js
Failed to download https://kelee.one/Resource/Script/YouTube/YouTube_Subtitles_Translate/YouTube_Composite_Subtitles_response.js
Failed to download https://kelee.one/Resource/Script/YouTube/YouTube_Subtitles_Translate/YouTube_Subtitles_Translate_response.js
Failed to download https://kelee.one/Resource/Script/YouTube/YouTube_Subtitles_Translate/YouTube_Subtitles_request.js
Failed to download https://kelee.one/Resource/Script/YouTube/YouTube_Subtitles_Translate/YouTube_Subtitles_request.js
Failed to download https://kelee.one/Resource/Script/YouTube/YouTube_Subtitles_Translate/YouTube_Subtitles_Translate_response.js
Failed to download https://kelee.one/Resource/Script/YouTube/YouTube_Subtitles_Translate/YouTube_Subtitles_Translate_response.js
Failed to download https://kelee.one/Resource/Script/YouTube/YouTube_remove_ads/YouTube_remove_ads_response.js
Failed to download https://kelee.one/Resource/Script/Zhihu/Zhihu_remove_ads.js
Failed to download https://kelee.one/Resource/Script/Zhihu/Zhihu_remove_ads.js
Failed to download https://kelee.one/Resource/Script/Zhihu/Zhihu_remove_ads.js
Failed to download https://kelee.one/Resource/Script/Zhihu/Zhihu_remove_ads.js
Failed to download https://kelee.one/Resource/Script/Zhihu/Zhihu_remove_ads.js
Failed to download https://kelee.one/Resource/Script/Zhihu/Zhihu_remove_ads.js
Failed to download https://kelee.one/Resource/Script/Zhihu/Zhihu_remove_ads.js
Failed to download https://kelee.one/Resource/Script/Zhihu/Zhihu_remove_ads.js
Failed to download https://kelee.one/Resource/Script/Zhihu/Zhihu_remove_ads.js
Failed to download https://kelee.one/Resource/Script/Zhihu/Zhihu_remove_ads.js
Failed to download https://kelee.one/Resource/Script/Zhihu/Zhihu_remove_ads.js
Failed to download https://kelee.one/Resource/Script/iMaiCai/iMaiCai_remove_ads.js
Failed to download https://kelee.one/Resource/Script/iQiYi_Video/iQiYi_Video_remove_ads.js
Failed to download https://kelee.one/Resource/Script/iQiYi_Video/iQiYi_Video_remove_ads.js
Failed to download https://kelee.one/Resource/Script/iQiYi_Video/iQiYi_Video_remove_ads.js
Failed to download https://kelee.one/Resource/Script/iQiYi_Video/iQiYi_Video_remove_ads.js
Failed to download https://kelee.one/Resource/Script/iQiYi_Video/iQiYi_Video_remove_ads.js
Failed to download https://kelee.one/Resource/Script/iQiYi_Video/iQiYi_Video_remove_ads.js
Failed to download https://kelee.one/Resource/Script/iQiYi_Video/iQiYi_Video_remove_ads.js
Failed to download https://kelee.one/Resource/Script/iQiYi_Video/iQiYi_Video_remove_ads.js
Failed to download https://kelee.one/Resource/Script/iQiYi_Video/iQiYi_Video_remove_ads.js
Failed to download https://kelee.one/Resource/Script/iQiYi_Video/iQiYi_Video_remove_ads.js
Failed to download https://kelee.one/Resource/Script/iQiYi_Video/iQiYi_Video_remove_ads.js
Failed to download https://kelee.one/Resource/Script/iQiYi_Video/iQiYi_Video_remove_ads.js
Failed to download https://kelee.one/Resource/Script/iQiYi_Video/iQiYi_Video_remove_ads.js
Failed to download https://kelee.one/Resource/Script/mobileClouds/mobileClouds_remove_ads.js
Failed to download https://kelee.one/Resource/Script/mobileClouds/mobileClouds_remove_ads.js
Failed to download https://kelee.one/Resource/Script/smzdm/smzdm_remove_ads.js
Failed to download https://kelee.one/Resource/Script/smzdm/smzdm_remove_ads.js
Failed to download https://kelee.one/Resource/Script/smzdm/smzdm_remove_ads.js
Failed to download https://kelee.one/Resource/Script/smzdm/smzdm_remove_ads.js
Failed to download https://kelee.one/Resource/Script/smzdm/smzdm_remove_ads.js
Failed to download https://kelee.one/Resource/Script/smzdm/smzdm_remove_ads.js
Failed to download https://kelee.one/Resource/Script/smzdm/smzdm_remove_ads.js
Failed to download https://kelee.one/Resource/Script/smzdm/smzdm_remove_ads.js
Failed to download https://kelee.one/Resource/Script/smzdm/smzdm_remove_ads.js
Failed to download https://kelee.one/Resource/Script/smzdm/smzdm_remove_ads.js
